Archive member included to satisfy reference by file (symbol)

c:/program files/microchip/xc32/v4.60/bin/bin/../../lib/gcc/pic32c/8.3.1/../../../../pic32c/lib/thumb/v6-m/nofp\libpic32c.a(data_init.o)
                              build/default/production/_ext/1171490990/startup_xc32.o (__pic32c_data_initialization)
c:/program files/microchip/xc32/v4.60/bin/bin/../../lib/gcc/pic32c/8.3.1/../../../../pic32c/lib/thumb/v6-m/nofp\libc-size-musl.a(memcpy.o)
                              build/default/production/_ext/1593096446/plib_nvmctrl.o (memcpy)
c:/program files/microchip/xc32/v4.60/bin/bin/../../lib/gcc/pic32c/8.3.1/../../../../pic32c/lib/thumb/v6-m/nofp\libc-musl.a(__libc_start_main.o)
                              build/default/production/_ext/1171490990/startup_xc32.o (__libc_init_array)
c:/program files/microchip/xc32/v4.60/bin/bin/../../lib/gcc/pic32c/8.3.1/../../../../pic32c/lib/thumb/v6-m/nofp\libc-musl.a(libc.o)
                              c:/program files/microchip/xc32/v4.60/bin/bin/../../lib/gcc/pic32c/8.3.1/../../../../pic32c/lib/thumb/v6-m/nofp\libc-musl.a(__libc_start_main.o) (__progname_full)
c:/program files/microchip/xc32/v4.60/bin/bin/../../lib/gcc/pic32c/8.3.1/../../../../pic32c/lib/thumb/v6-m/nofp\libc-musl.a(__environ.o)
                              c:/program files/microchip/xc32/v4.60/bin/bin/../../lib/gcc/pic32c/8.3.1/../../../../pic32c/lib/thumb/v6-m/nofp\libc-musl.a(__libc_start_main.o) (__environ)
c:/program files/microchip/xc32/v4.60/bin/bin/../../lib/gcc/pic32c/8.3.1/thumb/v6-m/nofp\libgcc.a(_aeabi_uldivmod.o)
                              build/default/production/_ext/504274921/plib_sercom3_usart.o (__aeabi_uldivmod)
c:/program files/microchip/xc32/v4.60/bin/bin/../../lib/gcc/pic32c/8.3.1/thumb/v6-m/nofp\libgcc.a(_muldi3.o)
                              build/default/production/_ext/504274921/plib_sercom3_usart.o (__aeabi_lmul)
c:/program files/microchip/xc32/v4.60/bin/bin/../../lib/gcc/pic32c/8.3.1/thumb/v6-m/nofp\libgcc.a(_udivmoddi4.o)
                              c:/program files/microchip/xc32/v4.60/bin/bin/../../lib/gcc/pic32c/8.3.1/thumb/v6-m/nofp\libgcc.a(_aeabi_uldivmod.o) (__udivmoddi4)
c:/program files/microchip/xc32/v4.60/bin/bin/../../lib/gcc/pic32c/8.3.1/thumb/v6-m/nofp\libgcc.a(_dvmd_tls.o)
                              c:/program files/microchip/xc32/v4.60/bin/bin/../../lib/gcc/pic32c/8.3.1/thumb/v6-m/nofp\libgcc.a(_aeabi_uldivmod.o) (__aeabi_ldiv0)
c:/program files/microchip/xc32/v4.60/bin/bin/../../lib/gcc/pic32c/8.3.1/thumb/v6-m/nofp\libgcc.a(_lshrdi3.o)
                              c:/program files/microchip/xc32/v4.60/bin/bin/../../lib/gcc/pic32c/8.3.1/thumb/v6-m/nofp\libgcc.a(_udivmoddi4.o) (__aeabi_llsr)
c:/program files/microchip/xc32/v4.60/bin/bin/../../lib/gcc/pic32c/8.3.1/thumb/v6-m/nofp\libgcc.a(_ashldi3.o)
                              c:/program files/microchip/xc32/v4.60/bin/bin/../../lib/gcc/pic32c/8.3.1/thumb/v6-m/nofp\libgcc.a(_udivmoddi4.o) (__aeabi_llsl)
c:/program files/microchip/xc32/v4.60/bin/bin/../../lib/gcc/pic32c/8.3.1/thumb/v6-m/nofp\libgcc.a(_clzdi2.o)
                              c:/program files/microchip/xc32/v4.60/bin/bin/../../lib/gcc/pic32c/8.3.1/thumb/v6-m/nofp\libgcc.a(_udivmoddi4.o) (__clzdi2)
c:/program files/microchip/xc32/v4.60/bin/bin/../../lib/gcc/pic32c/8.3.1/thumb/v6-m/nofp\libgcc.a(_clzsi2.o)
                              c:/program files/microchip/xc32/v4.60/bin/bin/../../lib/gcc/pic32c/8.3.1/thumb/v6-m/nofp\libgcc.a(_clzdi2.o) (__clzsi2)
c:/program files/microchip/xc32/v4.60/bin/bin/../../lib/gcc/pic32c/8.3.1/../../../../pic32c/lib/thumb/v6-m/nofp\libpic32c.a(pic32_data_init_clear.o)
                              (__dinit_clear_needed)
c:/program files/microchip/xc32/v4.60/bin/bin/../../lib/gcc/pic32c/8.3.1/../../../../pic32c/lib/thumb/v6-m/nofp\libpic32c.a(pic32_data_init_copy.o)
                              (__dinit_copy_needed)

Microchip PIC32 Memory-Usage Report

ROM Program-Memory Usage
section                    address  length [bytes]      (dec)  Description
-------                 ----------  -------------------------  -----------
.vectors                         0           0xb0         176   
.text                         0xb0           0x20          32  App's exec code 
.rodata.garfield              0xd0         0x7cd8       31960   
.text.DMAC_ChannelTrans     0x7da8           0xc8         200   
.text.CLOCK_Initialize      0x7e70           0x8c         140   
.text.SERCOM3_USART_ISR     0x7efc           0x84         132   
.text.DMAC_InterruptHan     0x7f80           0x7c         124   
.text.SERCOM3_USART_ISR     0x7ffc           0x70         112   
.text.__libc_start_init     0x806c           0x5c          92   
.text.SERCOM3_USART_Ini     0x80c8           0x58          88   
.text.DMAC_Initialize       0x8120           0x58          88   
.text.SERCOM3_USART_Int     0x8178           0x54          84   
[...]
Memory Configuration

Name             Origin             Length             Attributes
rom              0x0000000000000000 0x0000000000040000 xrl
ram              0x0000000020000000 0x0000000000008000 xw !r
config_00804000  0x0000000000804000 0x0000000000000004
config_00804004  0x0000000000804004 0x0000000000000004
*default*        0x0000000000000000 0xffffffffffffffff

Linker script and memory map

LOAD c:/program files/microchip/xc32/v4.60/bin/bin/../../lib/gcc/pic32c/8.3.1/thumb/v6-m/nofp/crti.o
LOAD c:/program files/microchip/xc32/v4.60/bin/bin/../../lib/gcc/pic32c/8.3.1/thumb/v6-m/nofp/crtbegin.o
LOAD build/default/production/_ext/504274921/plib_sercom3_usart.o
LOAD build/default/production/_ext/1593096446/plib_nvmctrl.o
LOAD build/default/production/_ext/1986646378/plib_evsys.o
LOAD build/default/production/_ext/1360937237/main.o
LOAD build/default/production/_ext/1171490990/initialization.o
LOAD build/default/production/_ext/1171490990/interrupts.o
LOAD build/default/production/_ext/1171490990/exceptions.o
LOAD build/default/production/_ext/163028504/xc32_monitor.o
LOAD build/default/production/_ext/1865521619/plib_port.o
LOAD build/default/production/_ext/1984496892/plib_clock.o
LOAD build/default/production/_ext/1865468468/plib_nvic.o
LOAD build/default/production/_ext/1865161661/plib_dmac.o
LOAD build/default/production/_ext/1171490990/startup_xc32.o
LOAD build/default/production/_ext/1171490990/libc_syscalls.o
LOAD build/default/production/garfield.o
                0x0000000000000001                __MPLAB_BUILD = 0x1
                0x0000000000040000                __rom_end = (ORIGIN (rom) + LENGTH (rom))
                0x0000000020008000                __ram_end = (ORIGIN (ram) + LENGTH (ram))

.config_00804000
 *(.config_00804000)

.config_00804004
 *(.config_00804004)

.vectors        0x0000000000000000       0xb0
                0x0000000000000000                . = ALIGN (0x4)
                0x0000000000000000                _sfixed = .
 *(.vectors .vectors.* .vectors_default .vectors_default.*)
 .vectors.exception_table
                0x0000000000000000       0xb0 build/default/production/_ext/1171490990/interrupts.o
                0x0000000000000000                exception_table
 *(.isr_vector)
 *(.reset*)
 *(.after_vectors)

.text           0x00000000000000b0       0x20
                0x00000000000000b0                . = ALIGN (0x4)
 *(.glue_7t)
 .glue_7t       0x00000000000000b0        0x0 linker stubs
 *(.glue_7)
 .glue_7        0x00000000000000b0        0x0 linker stubs
 *(.gnu.linkonce.r.*)
 *(.ARM.extab* .gnu.linkonce.armextab.*)
                0x00000000000000b0                . = ALIGN (0x4)
 *(.init)
 .init          0x00000000000000b0        0x4 c:/program files/microchip/xc32/v4.60/bin/bin/../../lib/gcc/pic32c/8.3.1/thumb/v6-m/nofp/crti.o
                0x00000000000000b0                _init
 .init          0x00000000000000b4        0x8 c:/program files/microchip/xc32/v4.60/bin/bin/../../lib/gcc/pic32c/8.3.1/thumb/v6-m/nofp/crtn.o
                0x00000000000000bc                . = ALIGN (0x4)
                0x00000000000000bc                __preinit_array_start = .
 *(.preinit_array)
                0x00000000000000bc                __preinit_array_end = .
                0x00000000000000bc                . = ALIGN (0x4)
                0x00000000000000bc                __init_array_start = .
 *(SORT_BY_NAME(.init_array.*))
 *(.init_array)
 .init_array    0x00000000000000bc        0x4 c:/program files/microchip/xc32/v4.60/bin/bin/../../lib/gcc/pic32c/8.3.1/thumb/v6-m/nofp/crtbegin.o
                0x00000000000000c0                __init_array_end = .
                0x00000000000000c0                . = ALIGN (0x4)
 *crtbegin.o(.ctors)
 *(EXCLUDE_FILE(*crtend.o) .ctors)
 *(SORT_BY_NAME(.ctors.*))
 *crtend.o(.ctors)
                0x00000000000000c0                . = ALIGN (0x4)
 *(.fini)
 .fini          0x00000000000000c0        0x4 c:/program files/microchip/xc32/v4.60/bin/bin/../../lib/gcc/pic32c/8.3.1/thumb/v6-m/nofp/crti.o
                0x00000000000000c0                _fini
 .fini          0x00000000000000c4        0x8 c:/program files/microchip/xc32/v4.60/bin/bin/../../lib/gcc/pic32c/8.3.1/thumb/v6-m/nofp/crtn.o
                0x00000000000000cc                . = ALIGN (0x4)
                0x00000000000000cc                __fini_array_start = .
 *(.fini_array)
 .fini_array    0x00000000000000cc        0x4 c:/program files/microchip/xc32/v4.60/bin/bin/../../lib/gcc/pic32c/8.3.1/thumb/v6-m/nofp/crtbegin.o
 *(SORT_BY_NAME(.fini_array.*))
                0x00000000000000d0                __fini_array_end = .
 *crtbegin.o(.dtors)
 *(EXCLUDE_FILE(*crtend.o) .dtors)
 *(SORT_BY_NAME(.dtors.*))
 *crtend.o(.dtors)
                0x00000000000000d0                . = ALIGN (0x4)
                0x00000000000000d0                _efixed = .
                [!provide]                        PROVIDE (__exidx_start = .)

.ARM.exidx
 *(.ARM.exidx* .gnu.linkonce.armexidx.*)
                [!provide]                        PROVIDE (__exidx_end = .)
                0x00000000000000d0                . = ALIGN (0x4)
                0x00000000000000d0                _etext = .

.bss            0x0000000020000000        0x0
                0x0000000020000000                . = ALIGN (0x4)
                0x0000000020000000                __bss_start__ = .
                0x0000000020000000                _sbss = .
                0x0000000020000000                _szero = .
 *(COMMON)
                0x0000000020000000                . = ALIGN (0x4)
                0x0000000020000000                __bss_end__ = .
                0x0000000020000000                _ebss = .
                0x0000000020000000                _ezero = .
                0x0000000020000000                . = ALIGN (0x4)
                0x0000000020000000                _end = .
                0x0000000020007fff                _ram_end_ = ((ORIGIN (ram) + LENGTH (ram)) - 0x1)
                0x0000000000000200                _min_heap_size = 0x200
START GROUP
LOAD c:/program files/microchip/xc32/v4.60/bin/bin/../../lib/gcc/pic32c/8.3.1/../../../../pic32c/lib/thumb/v6-m/nofp\libpic32c.a
LOAD c:/program files/microchip/xc32/v4.60/bin/bin/../../lib/gcc/pic32c/8.3.1/../../../../pic32c/lib/thumb/v6-m/nofp\libc-size-musl.a
LOAD c:/program files/microchip/xc32/v4.60/bin/bin/../../lib/gcc/pic32c/8.3.1/../../../../pic32c/lib/thumb/v6-m/nofp\liblmalloc-musl.a
LOAD c:/program files/microchip/xc32/v4.60/bin/bin/../../lib/gcc/pic32c/8.3.1/../../../../pic32c/lib/thumb/v6-m/nofp\libm-fast-emfloat.a
LOAD c:/program files/microchip/xc32/v4.60/bin/bin/../../lib/gcc/pic32c/8.3.1/../../../../pic32c/lib/thumb/v6-m/nofp\libm-musl.a
LOAD c:/program files/microchip/xc32/v4.60/bin/bin/../../lib/gcc/pic32c/8.3.1/../../../../pic32c/lib/thumb/v6-m/nofp\libc-musl.a
LOAD c:/program files/microchip/xc32/v4.60/bin/bin/../../lib/gcc/pic32c/8.3.1/../../../../pic32c/lib/thumb/v6-m/nofp\libm-fast-emfloat.a
LOAD c:/program files/microchip/xc32/v4.60/bin/bin/../../lib/gcc/pic32c/8.3.1/../../../../pic32c/lib/thumb/v6-m/nofp\libm-musl.a
LOAD c:/program files/microchip/xc32/v4.60/bin/bin/../../lib/gcc/pic32c/8.3.1/thumb/v6-m/nofp\libgcc.a
END GROUP
LOAD c:/program files/microchip/xc32/v4.60/bin/bin/../../lib/gcc/pic32c/8.3.1/thumb/v6-m/nofp/crtend.o
LOAD c:/program files/microchip/xc32/v4.60/bin/bin/../../lib/gcc/pic32c/8.3.1/thumb/v6-m/nofp/crtn.o
OUTPUT(dist/default/production/DMA_UART.X.production.elf elf32-littlearm)
LOAD data_init
LOAD stack

.ARM.attributes
                0x0000000000000000       0x2c
 .ARM.attributes
                0x0000000000000000       0x1e c:/program files/microchip/xc32/v4.60/bin/bin/../../lib/gcc/pic32c/8.3.1/thumb/v6-m/nofp/crti.o
 .ARM.attributes
                0x000000000000001e       0x2c c:/program files/microchip/xc32/v4.60/bin/bin/../../lib/gcc/pic32c/8.3.1/thumb/v6-m/nofp/crtbegin.o
 .ARM.attributes
                0x000000000000004a       0x2c build/default/production/_ext/504274921/plib_sercom3_usart.o
 .ARM.attributes
                0x0000000000000076       0x2c build/default/production/_ext/1593096446/plib_nvmctrl.o
 .ARM.attributes
                0x00000000000000a2       0x2c build/default/production/_ext/1360937237/main.o
 .ARM.attributes
                0x00000000000000ce       0x2c build/default/production/_ext/1171490990/initialization.o
 .ARM.attributes
                0x00000000000000fa       0x2c build/default/production/_ext/1171490990/interrupts.o
 .ARM.attributes
                0x0000000000000126       0x2c build/default/production/_ext/1171490990/exceptions.o
 .ARM.attributes
                0x0000000000000152       0x2c build/default/production/_ext/1865521619/plib_port.o
 .ARM.attributes
                0x000000000000017e       0x2c build/default/production/_ext/1984496892/plib_clock.o
 .ARM.attributes
                0x00000000000001aa       0x2c build/default/production/_ext/1865468468/plib_nvic.o
 .ARM.attributes
                0x00000000000001d6       0x2c build/default/production/_ext/1865161661/plib_dmac.o
 .ARM.attributes
                0x0000000000000202       0x2c build/default/production/_ext/1171490990/startup_xc32.o
 .ARM.attributes
                0x000000000000022e       0x32 build/default/production/garfield.o
 .ARM.attributes
                0x0000000000000260       0x2c c:/program files/microchip/xc32/v4.60/bin/bin/../../lib/gcc/pic32c/8.3.1/../../../../pic32c/lib/thumb/v6-m/nofp\libpic32c.a(data_init.o)
 .ARM.attributes
                0x000000000000028c       0x2e c:/program files/microchip/xc32/v4.60/bin/bin/../../lib/gcc/pic32c/8.3.1/../../../../pic32c/lib/thumb/v6-m/nofp\libc-musl.a(__libc_start_main.o)
 .ARM.attributes
                0x00000000000002ba       0x2e c:/program files/microchip/xc32/v4.60/bin/bin/../../lib/gcc/pic32c/8.3.1/../../../../pic32c/lib/thumb/v6-m/nofp\libc-musl.a(libc.o)
 .ARM.attributes
                0x00000000000002e8       0x2e c:/program files/microchip/xc32/v4.60/bin/bin/../../lib/gcc/pic32c/8.3.1/../../../../pic32c/lib/thumb/v6-m/nofp\libc-musl.a(__environ.o)
 .ARM.attributes
                0x0000000000000316       0x1e c:/program files/microchip/xc32/v4.60/bin/bin/../../lib/gcc/pic32c/8.3.1/thumb/v6-m/nofp/crtn.o
 .ARM.attributes
                0x0000000000000334       0x2c c:/program files/microchip/xc32/v4.60/bin/bin/../../lib/gcc/pic32c/8.3.1/../../../../pic32c/lib/thumb/v6-m/nofp\libpic32c.a(pic32_data_init_clear.o)
 .ARM.attributes
                0x0000000000000360       0x2c c:/program files/microchip/xc32/v4.60/bin/bin/../../lib/gcc/pic32c/8.3.1/../../../../pic32c/lib/thumb/v6-m/nofp\libpic32c.a(pic32_data_init_copy.o)

.comment        0x0000000000000000       0x2b
 .comment       0x0000000000000000       0x2b c:/program files/microchip/xc32/v4.60/bin/bin/../../lib/gcc/pic32c/8.3.1/thumb/v6-m/nofp/crtbegin.o
                                         0x2c (size before relaxing)
 .comment       0x000000000000002b       0x2c build/default/production/_ext/504274921/plib_sercom3_usart.o
 .comment       0x000000000000002b       0x2c build/default/production/_ext/1593096446/plib_nvmctrl.o
 .comment       0x000000000000002b       0x2c build/default/production/_ext/1360937237/main.o
 .comment       0x000000000000002b       0x2c build/default/production/_ext/1171490990/initialization.o
 .comment       0x000000000000002b       0x2c build/default/production/_ext/1171490990/interrupts.o
 .comment       0x000000000000002b       0x2c build/default/production/_ext/1171490990/exceptions.o
 .comment       0x000000000000002b       0x2c build/default/production/_ext/1865521619/plib_port.o
 .comment       0x000000000000002b       0x2c build/default/production/_ext/1984496892/plib_clock.o
 .comment       0x000000000000002b       0x2c build/default/production/_ext/1865468468/plib_nvic.o
 .comment       0x000000000000002b       0x2c build/default/production/_ext/1865161661/plib_dmac.o
 .comment       0x000000000000002b       0x2c build/default/production/_ext/1171490990/startup_xc32.o
 .comment       0x000000000000002b       0x2c build/default/production/garfield.o
 .comment       0x000000000000002b       0x2c c:/program files/microchip/xc32/v4.60/bin/bin/../../lib/gcc/pic32c/8.3.1/../../../../pic32c/lib/thumb/v6-m/nofp\libpic32c.a(data_init.o)
 .comment       0x000000000000002b       0x2c c:/program files/microchip/xc32/v4.60/bin/bin/../../lib/gcc/pic32c/8.3.1/../../../../pic32c/lib/thumb/v6-m/nofp\libc-musl.a(__libc_start_main.o)
 .comment       0x000000000000002b       0x2c c:/program files/microchip/xc32/v4.60/bin/bin/../../lib/gcc/pic32c/8.3.1/../../../../pic32c/lib/thumb/v6-m/nofp\libc-musl.a(libc.o)
 .comment       0x000000000000002b       0x2c c:/program files/microchip/xc32/v4.60/bin/bin/../../lib/gcc/pic32c/8.3.1/../../../../pic32c/lib/thumb/v6-m/nofp\libc-musl.a(__environ.o)
 .comment       0x000000000000002b       0x2c c:/program files/microchip/xc32/v4.60/bin/bin/../../lib/gcc/pic32c/8.3.1/../../../../pic32c/lib/thumb/v6-m/nofp\libpic32c.a(pic32_data_init_clear.o)
 .comment       0x000000000000002b       0x2c c:/program files/microchip/xc32/v4.60/bin/bin/../../lib/gcc/pic32c/8.3.1/../../../../pic32c/lib/thumb/v6-m/nofp\libpic32c.a(pic32_data_init_copy.o)

.debug_info     0x0000000000000000     0x52b9
 .debug_info    0x0000000000000000     0x119d build/default/production/_ext/504274921/plib_sercom3_usart.o
 .debug_info    0x000000000000119d      0x5a0 build/default/production/_ext/1593096446/plib_nvmctrl.o
 .debug_info    0x000000000000173d      0xa4e build/default/production/_ext/1360937237/main.o
 .debug_info    0x000000000000218b      0x2ae build/default/production/_ext/1171490990/initialization.o
 .debug_info    0x0000000000002439      0x3b2 build/default/production/_ext/1171490990/interrupts.o
 .debug_info    0x00000000000027eb       0xba build/default/production/_ext/1171490990/exceptions.o
 .debug_info    0x00000000000028a5      0x6f9 build/default/production/_ext/1865521619/plib_port.o
 .debug_info    0x0000000000002f9e      0x5a1 build/default/production/_ext/1984496892/plib_clock.o
 .debug_info    0x000000000000353f      0x7cf build/default/production/_ext/1865468468/plib_nvic.o
 .debug_info    0x0000000000003d0e      0xbed build/default/production/_ext/1865161661/plib_dmac.o
 .debug_info    0x00000000000048fb      0x205 build/default/production/_ext/1171490990/startup_xc32.o
 .debug_info    0x0000000000004b00       0xca build/default/production/garfield.o
 .debug_info    0x0000000000004bca       0x68 c:/program files/microchip/xc32/v4.60/bin/bin/../../lib/gcc/pic32c/8.3.1/../../../../pic32c/lib/thumb/v6-m/nofp\libpic32c.a(data_init.o)
 .debug_info    0x0000000000004c32      0x2fb c:/program files/microchip/xc32/v4.60/bin/bin/../../lib/gcc/pic32c/8.3.1/../../../../pic32c/lib/thumb/v6-m/nofp\libc-musl.a(__libc_start_main.o)
 .debug_info    0x0000000000004f2d      0x276 c:/program files/microchip/xc32/v4.60/bin/bin/../../lib/gcc/pic32c/8.3.1/../../../../pic32c/lib/thumb/v6-m/nofp\libc-musl.a(libc.o)
 .debug_info    0x00000000000051a3       0x97 c:/program files/microchip/xc32/v4.60/bin/bin/../../lib/gcc/pic32c/8.3.1/../../../../pic32c/lib/thumb/v6-m/nofp\libc-musl.a(__environ.o)
 .debug_info    0x000000000000523a       0x3f c:/program files/microchip/xc32/v4.60/bin/bin/../../lib/gcc/pic32c/8.3.1/../../../../pic32c/lib/thumb/v6-m/nofp\libpic32c.a(pic32_data_init_clear.o)
 .debug_info    0x0000000000005279       0x40 c:/program files/microchip/xc32/v4.60/bin/bin/../../lib/gcc/pic32c/8.3.1/../../../../pic32c/lib/thumb/v6-m/nofp\libpic32c.a(pic32_data_init_copy.o)

.debug_abbrev   0x0000000000000000     0x14e8
 .debug_abbrev  0x0000000000000000      0x318 build/default/production/_ext/504274921/plib_sercom3_usart.o
 .debug_abbrev  0x0000000000000318      0x1a6 build/default/production/_ext/1593096446/plib_nvmctrl.o
 .debug_abbrev  0x00000000000004be      0x132 build/default/production/_ext/1360937237/main.o
 .debug_abbrev  0x00000000000005f0       0xf4 build/default/production/_ext/1171490990/initialization.o
 .debug_abbrev  0x00000000000006e4       0xc0 build/default/production/_ext/1171490990/interrupts.o
 .debug_abbrev  0x00000000000007a4       0x49 build/default/production/_ext/1171490990/exceptions.o
 .debug_abbrev  0x00000000000007ed      0x206 build/default/production/_ext/1865521619/plib_port.o
 .debug_abbrev  0x00000000000009f3      0x138 build/default/production/_ext/1984496892/plib_clock.o
 .debug_abbrev  0x0000000000000b2b      0x255 build/default/production/_ext/1865468468/plib_nvic.o
 .debug_abbrev  0x0000000000000d80      0x2d7 build/default/production/_ext/1865161661/plib_dmac.o
 .debug_abbrev  0x0000000000001057      0x118 build/default/production/_ext/1171490990/startup_xc32.o
 .debug_abbrev  0x000000000000116f       0x70 build/default/production/garfield.o
 .debug_abbrev  0x00000000000011df       0x44 c:/program files/microchip/xc32/v4.60/bin/bin/../../lib/gcc/pic32c/8.3.1/../../../../pic32c/lib/thumb/v6-m/nofp\libpic32c.a(data_init.o)
 .debug_abbrev  0x0000000000001223      0x133 c:/program files/microchip/xc32/v4.60/bin/bin/../../lib/gcc/pic32c/8.3.1/../../../../pic32c/lib/thumb/v6-m/nofp\libc-musl.a(__libc_start_main.o)
 .debug_abbrev  0x0000000000001356       0xd4 c:/program files/microchip/xc32/v4.60/bin/bin/../../lib/gcc/pic32c/8.3.1/../../../../pic32c/lib/thumb/v6-m/nofp\libc-musl.a(libc.o)
 .debug_abbrev  0x000000000000142a       0x62 c:/program files/microchip/xc32/v4.60/bin/bin/../../lib/gcc/pic32c/8.3.1/../../../../pic32c/lib/thumb/v6-m/nofp\libc-musl.a(__environ.o)
 .debug_abbrev  0x000000000000148c       0x2e c:/program files/microchip/xc32/v4.60/bin/bin/../../lib/gcc/pic32c/8.3.1/../../../../pic32c/lib/thumb/v6-m/nofp\libpic32c.a(pic32_data_init_clear.o)
 .debug_abbrev  0x00000000000014ba       0x2e c:/program files/microchip/xc32/v4.60/bin/bin/../../lib/gcc/pic32c/8.3.1/../../../../pic32c/lib/thumb/v6-m/nofp\libpic32c.a(pic32_data_init_copy.o)

.debug_loc      0x0000000000000000     0x1c12
 .debug_loc     0x0000000000000000      0x768 build/default/production/_ext/504274921/plib_sercom3_usart.o
 .debug_loc     0x0000000000000768      0x42e build/default/production/_ext/1593096446/plib_nvmctrl.o
 .debug_loc     0x0000000000000b96       0x20 build/default/production/_ext/1360937237/main.o
 .debug_loc     0x0000000000000bb6       0x45 build/default/production/_ext/1171490990/initialization.o
 .debug_loc     0x0000000000000bfb      0x29b build/default/production/_ext/1865521619/plib_port.o
 .debug_loc     0x0000000000000e96       0x31 build/default/production/_ext/1984496892/plib_clock.o
 .debug_loc     0x0000000000000ec7      0x195 build/default/production/_ext/1865468468/plib_nvic.o
 .debug_loc     0x000000000000105c      0xb10 build/default/production/_ext/1865161661/plib_dmac.o
 .debug_loc     0x0000000000001b6c       0x20 build/default/production/_ext/1171490990/startup_xc32.o
 .debug_loc     0x0000000000001b8c       0x14 c:/program files/microchip/xc32/v4.60/bin/bin/../../lib/gcc/pic32c/8.3.1/../../../../pic32c/lib/thumb/v6-m/nofp\libpic32c.a(data_init.o)
 .debug_loc     0x0000000000001ba0       0x5e c:/program files/microchip/xc32/v4.60/bin/bin/../../lib/gcc/pic32c/8.3.1/../../../../pic32c/lib/thumb/v6-m/nofp\libc-musl.a(__libc_start_main.o)
 .debug_loc     0x0000000000001bfe       0x14 c:/program files/microchip/xc32/v4.60/bin/bin/../../lib/gcc/pic32c/8.3.1/../../../../pic32c/lib/thumb/v6-m/nofp\libpic32c.a(pic32_data_init_copy.o)

.debug_aranges  0x0000000000000000      0x468
 .debug_aranges
                0x0000000000000000       0xe0 build/default/production/_ext/504274921/plib_sercom3_usart.o
 .debug_aranges
                0x00000000000000e0       0x88 build/default/production/_ext/1593096446/plib_nvmctrl.o
 .debug_aranges
                0x0000000000000168       0x20 build/default/production/_ext/1360937237/main.o
 .debug_aranges
                0x0000000000000188       0x20 build/default/production/_ext/1171490990/initialization.o
 .debug_aranges
                0x00000000000001a8       0x20 build/default/production/_ext/1171490990/interrupts.o
 .debug_aranges
                0x00000000000001c8       0x28 build/default/production/_ext/1171490990/exceptions.o
 .debug_aranges
                0x00000000000001f0       0x70 build/default/production/_ext/1865521619/plib_port.o
 .debug_aranges
                0x0000000000000260       0x20 build/default/production/_ext/1984496892/plib_clock.o
 .debug_aranges
                0x0000000000000280       0x48 build/default/production/_ext/1865468468/plib_nvic.o
 .debug_aranges
                0x00000000000002c8       0x98 build/default/production/_ext/1865161661/plib_dmac.o
 .debug_aranges
                0x0000000000000360       0x28 build/default/production/_ext/1171490990/startup_xc32.o
 .debug_aranges
                0x0000000000000388       0x18 build/default/production/garfield.o
 .debug_aranges
                0x00000000000003a0       0x30 c:/program files/microchip/xc32/v4.60/bin/bin/../../lib/gcc/pic32c/8.3.1/../../../../pic32c/lib/thumb/v6-m/nofp\libpic32c.a(data_init.o)
 .debug_aranges
                0x00000000000003d0       0x28 c:/program files/microchip/xc32/v4.60/bin/bin/../../lib/gcc/pic32c/8.3.1/../../../../pic32c/lib/thumb/v6-m/nofp\libc-musl.a(__libc_start_main.o)
 .debug_aranges
                0x00000000000003f8       0x18 c:/program files/microchip/xc32/v4.60/bin/bin/../../lib/gcc/pic32c/8.3.1/../../../../pic32c/lib/thumb/v6-m/nofp\libc-musl.a(libc.o)
 .debug_aranges
                0x0000000000000410       0x18 c:/program files/microchip/xc32/v4.60/bin/bin/../../lib/gcc/pic32c/8.3.1/../../../../pic32c/lib/thumb/v6-m/nofp\libc-musl.a(__environ.o)
 .debug_aranges
                0x0000000000000428       0x20 c:/program files/microchip/xc32/v4.60/bin/bin/../../lib/gcc/pic32c/8.3.1/../../../../pic32c/lib/thumb/v6-m/nofp\libpic32c.a(pic32_data_init_clear.o)
 .debug_aranges
                0x0000000000000448       0x20 c:/program files/microchip/xc32/v4.60/bin/bin/../../lib/gcc/pic32c/8.3.1/../../../../pic32c/lib/thumb/v6-m/nofp\libpic32c.a(pic32_data_init_copy.o)

.debug_ranges   0x0000000000000000      0x3e0
 .debug_ranges  0x0000000000000000      0x120 build/default/production/_ext/504274921/plib_sercom3_usart.o
 .debug_ranges  0x0000000000000120       0x78 build/default/production/_ext/1593096446/plib_nvmctrl.o
 .debug_ranges  0x0000000000000198       0x10 build/default/production/_ext/1360937237/main.o
 .debug_ranges  0x00000000000001a8       0x10 build/default/production/_ext/1171490990/initialization.o
 .debug_ranges  0x00000000000001b8       0x10 build/default/production/_ext/1171490990/interrupts.o
 .debug_ranges  0x00000000000001c8       0x18 build/default/production/_ext/1171490990/exceptions.o
 .debug_ranges  0x00000000000001e0       0x60 build/default/production/_ext/1865521619/plib_port.o
 .debug_ranges  0x0000000000000240       0x28 build/default/production/_ext/1984496892/plib_clock.o
 .debug_ranges  0x0000000000000268       0x50 build/default/production/_ext/1865468468/plib_nvic.o
 .debug_ranges  0x00000000000002b8       0xa0 build/default/production/_ext/1865161661/plib_dmac.o
 .debug_ranges  0x0000000000000358       0x18 build/default/production/_ext/1171490990/startup_xc32.o
 .debug_ranges  0x0000000000000370       0x20 c:/program files/microchip/xc32/v4.60/bin/bin/../../lib/gcc/pic32c/8.3.1/../../../../pic32c/lib/thumb/v6-m/nofp\libpic32c.a(data_init.o)
 .debug_ranges  0x0000000000000390       0x30 c:/program files/microchip/xc32/v4.60/bin/bin/../../lib/gcc/pic32c/8.3.1/../../../../pic32c/lib/thumb/v6-m/nofp\libc-musl.a(__libc_start_main.o)
 .debug_ranges  0x00000000000003c0       0x10 c:/program files/microchip/xc32/v4.60/bin/bin/../../lib/gcc/pic32c/8.3.1/../../../../pic32c/lib/thumb/v6-m/nofp\libpic32c.a(pic32_data_init_clear.o)
 .debug_ranges  0x00000000000003d0       0x10 c:/program files/microchip/xc32/v4.60/bin/bin/../../lib/gcc/pic32c/8.3.1/../../../../pic32c/lib/thumb/v6-m/nofp\libpic32c.a(pic32_data_init_copy.o)

.debug_line     0x0000000000000000     0x27e4
 .debug_line    0x0000000000000000      0x9ad build/default/production/_ext/504274921/plib_sercom3_usart.o
 .debug_line    0x00000000000009ad      0x39d build/default/production/_ext/1593096446/plib_nvmctrl.o
 .debug_line    0x0000000000000d4a      0x124 build/default/production/_ext/1360937237/main.o
 .debug_line    0x0000000000000e6e      0x249 build/default/production/_ext/1171490990/initialization.o
 .debug_line    0x00000000000010b7       0xba build/default/production/_ext/1171490990/interrupts.o
 .debug_line    0x0000000000001171       0x6f build/default/production/_ext/1171490990/exceptions.o
 .debug_line    0x00000000000011e0      0x2bc build/default/production/_ext/1865521619/plib_port.o
 .debug_line    0x000000000000149c      0x1cc build/default/production/_ext/1984496892/plib_clock.o
 .debug_line    0x0000000000001668      0x3c9 build/default/production/_ext/1865468468/plib_nvic.o
 .debug_line    0x0000000000001a31      0x6dc build/default/production/_ext/1865161661/plib_dmac.o
 .debug_line    0x000000000000210d      0x157 build/default/production/_ext/1171490990/startup_xc32.o
 .debug_line    0x0000000000002264       0x78 build/default/production/garfield.o
 .debug_line    0x00000000000022dc       0xa5 c:/program files/microchip/xc32/v4.60/bin/bin/../../lib/gcc/pic32c/8.3.1/../../../../pic32c/lib/thumb/v6-m/nofp\libpic32c.a(data_init.o)
 .debug_line    0x0000000000002381      0x1bc c:/program files/microchip/xc32/v4.60/bin/bin/../../lib/gcc/pic32c/8.3.1/../../../../pic32c/lib/thumb/v6-m/nofp\libc-musl.a(__libc_start_main.o)
 .debug_line    0x000000000000253d       0xb5 c:/program files/microchip/xc32/v4.60/bin/bin/../../lib/gcc/pic32c/8.3.1/../../../../pic32c/lib/thumb/v6-m/nofp\libc-musl.a(libc.o)
 .debug_line    0x00000000000025f2       0xfb c:/program files/microchip/xc32/v4.60/bin/bin/../../lib/gcc/pic32c/8.3.1/../../../../pic32c/lib/thumb/v6-m/nofp\libc-musl.a(__environ.o)
 .debug_line    0x00000000000026ed       0x6f c:/program files/microchip/xc32/v4.60/bin/bin/../../lib/gcc/pic32c/8.3.1/../../../../pic32c/lib/thumb/v6-m/nofp\libpic32c.a(pic32_data_init_clear.o)
 .debug_line    0x000000000000275c       0x88 c:/program files/microchip/xc32/v4.60/bin/bin/../../lib/gcc/pic32c/8.3.1/../../../../pic32c/lib/thumb/v6-m/nofp\libpic32c.a(pic32_data_init_copy.o)

.debug_str      0x0000000000000000     0x50d5
 .debug_str     0x0000000000000000      0xa3f build/default/production/_ext/504274921/plib_sercom3_usart.o
 .debug_str     0x0000000000000a3f      0x506 build/default/production/_ext/1593096446/plib_nvmctrl.o
 .debug_str     0x0000000000000f45      0x495 build/default/production/_ext/1360937237/main.o
 .debug_str     0x00000000000013da      0x3ea build/default/production/_ext/1171490990/initialization.o
 .debug_str     0x00000000000017c4      0x5a7 build/default/production/_ext/1171490990/interrupts.o
 .debug_str     0x0000000000001d6b      0x2a9 build/default/production/_ext/1171490990/exceptions.o
 .debug_str     0x0000000000002014      0x836 build/default/production/_ext/1865521619/plib_port.o
 .debug_str     0x000000000000284a      0x58e build/default/production/_ext/1984496892/plib_clock.o
 .debug_str     0x0000000000002dd8      0x5dd build/default/production/_ext/1865468468/plib_nvic.o
 .debug_str     0x00000000000033b5      0x8ba build/default/production/_ext/1865161661/plib_dmac.o
 .debug_str     0x0000000000003c6f      0x315 build/default/production/_ext/1171490990/startup_xc32.o
 .debug_str     0x0000000000003f84      0x279 build/default/production/garfield.o
 .debug_str     0x00000000000041fd      0x1fc c:/program files/microchip/xc32/v4.60/bin/bin/../../lib/gcc/pic32c/8.3.1/../../../../pic32c/lib/thumb/v6-m/nofp\libpic32c.a(data_init.o)
 .debug_str     0x00000000000043f9      0x3ca c:/program files/microchip/xc32/v4.60/bin/bin/../../lib/gcc/pic32c/8.3.1/../../../../pic32c/lib/thumb/v6-m/nofp\libc-musl.a(__libc_start_main.o)
 .debug_str     0x00000000000047c3      0x335 c:/program files/microchip/xc32/v4.60/bin/bin/../../lib/gcc/pic32c/8.3.1/../../../../pic32c/lib/thumb/v6-m/nofp\libc-musl.a(libc.o)
 .debug_str     0x0000000000004af8      0x235 c:/program files/microchip/xc32/v4.60/bin/bin/../../lib/gcc/pic32c/8.3.1/../../../../pic32c/lib/thumb/v6-m/nofp\libc-musl.a(__environ.o)
 .debug_str     0x0000000000004d2d      0x1d5 c:/program files/microchip/xc32/v4.60/bin/bin/../../lib/gcc/pic32c/8.3.1/../../../../pic32c/lib/thumb/v6-m/nofp\libpic32c.a(pic32_data_init_clear.o)
 .debug_str     0x0000000000004f02      0x1d3 c:/program files/microchip/xc32/v4.60/bin/bin/../../lib/gcc/pic32c/8.3.1/../../../../pic32c/lib/thumb/v6-m/nofp\libpic32c.a(pic32_data_init_copy.o)

.debug_frame    0x0000000000000000      0x788
 .debug_frame   0x0000000000000000      0x1ec build/default/production/_ext/504274921/plib_sercom3_usart.o
 .debug_frame   0x00000000000001ec      0x108 build/default/production/_ext/1593096446/plib_nvmctrl.o
 .debug_frame   0x00000000000002f4       0x28 build/default/production/_ext/1360937237/main.o
 .debug_frame   0x000000000000031c       0x28 build/default/production/_ext/1171490990/initialization.o
 .debug_frame   0x0000000000000344       0x20 build/default/production/_ext/1171490990/interrupts.o
 .debug_frame   0x0000000000000364       0x30 build/default/production/_ext/1171490990/exceptions.o
 .debug_frame   0x0000000000000394       0xd8 build/default/production/_ext/1865521619/plib_port.o
 .debug_frame   0x000000000000046c       0x20 build/default/production/_ext/1984496892/plib_clock.o
 .debug_frame   0x000000000000048c       0x7c build/default/production/_ext/1865468468/plib_nvic.o
 .debug_frame   0x0000000000000508      0x180 build/default/production/_ext/1865161661/plib_dmac.o
 .debug_frame   0x0000000000000688       0x38 build/default/production/_ext/1171490990/startup_xc32.o
 .debug_frame   0x00000000000006c0       0x48 c:/program files/microchip/xc32/v4.60/bin/bin/../../lib/gcc/pic32c/8.3.1/../../../../pic32c/lib/thumb/v6-m/nofp\libpic32c.a(data_init.o)
 .debug_frame   0x0000000000000708       0x38 c:/program files/microchip/xc32/v4.60/bin/bin/../../lib/gcc/pic32c/8.3.1/../../../../pic32c/lib/thumb/v6-m/nofp\libc-musl.a(__libc_start_main.o)
 .debug_frame   0x0000000000000740       0x20 c:/program files/microchip/xc32/v4.60/bin/bin/../../lib/gcc/pic32c/8.3.1/../../../../pic32c/lib/thumb/v6-m/nofp\libpic32c.a(pic32_data_init_clear.o)
 .debug_frame   0x0000000000000760       0x28 c:/program files/microchip/xc32/v4.60/bin/bin/../../lib/gcc/pic32c/8.3.1/../../../../pic32c/lib/thumb/v6-m/nofp\libpic32c.a(pic32_data_init_copy.o)

.note.GNU-stack
                0x0000000000000000        0x0
 .note.GNU-stack
                0x0000000000000000        0x0 c:/program files/microchip/xc32/v4.60/bin/bin/../../lib/gcc/pic32c/8.3.1/../../../../pic32c/lib/thumb/v6-m/nofp\libc-musl.a(__libc_start_main.o)
 .note.GNU-stack
                0x0000000000000000        0x0 c:/program files/microchip/xc32/v4.60/bin/bin/../../lib/gcc/pic32c/8.3.1/../../../../pic32c/lib/thumb/v6-m/nofp\libc-musl.a(libc.o)
 .note.GNU-stack
                0x0000000000000000        0x0 c:/program files/microchip/xc32/v4.60/bin/bin/../../lib/gcc/pic32c/8.3.1/../../../../pic32c/lib/thumb/v6-m/nofp\libc-musl.a(__environ.o)

.stack          0x00000000200002f0      0x100
 .stack         0x00000000200002f0      0x100 stack

.bss%1          0x0000000020000000       0x50
 .bss           0x0000000020000000       0x50 c:/program files/microchip/xc32/v4.60/bin/bin/../../lib/gcc/pic32c/8.3.1/../../../../pic32c/lib/thumb/v6-m/nofp\libc-musl.a(libc.o)
                0x0000000020000000                __progname_full
                0x0000000020000000                program_invocation_name
                0x0000000020000004                program_invocation_short_name
                0x0000000020000004                __progname
                0x0000000020000008                __sysinfo
                0x000000002000000c                __hwcap
                0x0000000020000010                __libc

.bss.sercom3USARTObj%2
                0x0000000020000050       0x30
 .bss.sercom3USARTObj
                0x0000000020000050       0x30 build/default/production/_ext/504274921/plib_sercom3_usart.o

.bss%3          0x0000000020000080       0x1c
 .bss           0x0000000020000080       0x1c c:/program files/microchip/xc32/v4.60/bin/bin/../../lib/gcc/pic32c/8.3.1/thumb/v6-m/nofp/crtbegin.o

.bss.descriptor_section%4
                0x00000000200000a0       0x10
 .bss.descriptor_section
                0x00000000200000a0       0x10 build/default/production/_ext/1865161661/plib_dmac.o

.bss.dmacChannelObj%5
                0x00000000200000b0       0x10
 .bss.dmacChannelObj
                0x00000000200000b0       0x10 build/default/production/_ext/1865161661/plib_dmac.o

.bss.write_back_section%6
                0x00000000200000c0       0x10
 .bss.write_back_section
                0x00000000200000c0       0x10 build/default/production/_ext/1865161661/plib_dmac.o

.bss%7          0x000000002000009c        0x4
 .bss           0x000000002000009c        0x4 c:/program files/microchip/xc32/v4.60/bin/bin/../../lib/gcc/pic32c/8.3.1/../../../../pic32c/lib/thumb/v6-m/nofp\libpic32c.a(data_init.o)

.bss%8          0x00000000200000d0        0x4
 .bss           0x00000000200000d0        0x4 c:/program files/microchip/xc32/v4.60/bin/bin/../../lib/gcc/pic32c/8.3.1/../../../../pic32c/lib/thumb/v6-m/nofp\libc-musl.a(__environ.o)
                0x00000000200000d0                __environ
                0x00000000200000d0                environ
                0x00000000200000d0                ___environ
                0x00000000200000d0                _environ

.eh_frame%z1    0x0000000000000000        0x0
 .eh_frame      0x0000000000000000        0x0 c:/program files/microchip/xc32/v4.60/bin/bin/../../lib/gcc/pic32c/8.3.1/thumb/v6-m/nofp/crtbegin.o

.config_00804000.__config_00804000%9
                0x0000000000804000        0x4
 .config_00804000.__config_00804000
                0x0000000000804000        0x4 build/default/production/_ext/1171490990/initialization.o
                0x0000000000804000                __config_00804000

.config_00804004.__config_00804004%10
                0x0000000000804004        0x4
 .config_00804004.__config_00804004
                0x0000000000804004        0x4 build/default/production/_ext/1171490990/initialization.o
                0x0000000000804004                __config_00804004

.rodata.garfield%11
                0x00000000000000d0     0x7cd8
 .rodata.garfield
                0x00000000000000d0     0x7cd8 build/default/production/garfield.o
                0x00000000000000d0                garfield

.text.DMAC_ChannelTransfer%12
                0x0000000000007da8       0xc8
 .text.DMAC_ChannelTransfer
                0x0000000000007da8       0xc8 build/default/production/_ext/1865161661/plib_dmac.o
                0x0000000000007da8                DMAC_ChannelTransfer

.text.CLOCK_Initialize%13
                0x0000000000007e70       0x8c
 .text.CLOCK_Initialize
                0x0000000000007e70       0x8c build/default/production/_ext/1984496892/plib_clock.o
                0x0000000000007e70                CLOCK_Initialize

.text.SERCOM3_USART_ISR_TX_Handler%14
                0x0000000000007efc       0x84
 .text.SERCOM3_USART_ISR_TX_Handler
                0x0000000000007efc       0x84 build/default/production/_ext/504274921/plib_sercom3_usart.o

.text.DMAC_InterruptHandler%15
                0x0000000000007f80       0x7c
 .text.DMAC_InterruptHandler
                0x0000000000007f80       0x7c build/default/production/_ext/1865161661/plib_dmac.o
                0x0000000000007f80                DMAC_InterruptHandler

.text.SERCOM3_USART_ISR_RX_Handler%16
                0x0000000000007ffc       0x70
 .text.SERCOM3_USART_ISR_RX_Handler
                0x0000000000007ffc       0x70 build/default/production/_ext/504274921/plib_sercom3_usart.o

.text.__libc_start_init%17
                0x000000000000806c       0x5c
 .text.__libc_start_init
                0x000000000000806c       0x5c c:/program files/microchip/xc32/v4.60/bin/bin/../../lib/gcc/pic32c/8.3.1/../../../../pic32c/lib/thumb/v6-m/nofp\libc-musl.a(__libc_start_main.o)
                0x000000000000806c                __libc_init_array

.text.SERCOM3_USART_Initialize%18
                0x00000000000080c8       0x58
 .text.SERCOM3_USART_Initialize
                0x00000000000080c8       0x58 build/default/production/_ext/504274921/plib_sercom3_usart.o
                0x00000000000080c8                SERCOM3_USART_Initialize

.text.DMAC_Initialize%19
                0x0000000000008120       0x58
 .text.DMAC_Initialize
                0x0000000000008120       0x58 build/default/production/_ext/1865161661/plib_dmac.o
                0x0000000000008120                DMAC_Initialize

.text.SERCOM3_USART_InterruptHandler%20
                0x0000000000008178       0x54
 .text.SERCOM3_USART_InterruptHandler
                0x0000000000008178       0x54 build/default/production/_ext/504274921/plib_sercom3_usart.o
                0x0000000000008178                SERCOM3_USART_InterruptHandler

.dinit%21       0x00000000000081cc       0x50
 .dinit         0x00000000000081cc       0x50 data_init

.text%22        0x000000000000821c       0x48
 .text          0x000000000000821c       0x48 c:/program files/microchip/xc32/v4.60/bin/bin/../../lib/gcc/pic32c/8.3.1/thumb/v6-m/nofp/crtbegin.o

.text.Reset_Handler%23
                0x0000000000008264       0x48
 .text.Reset_Handler
                0x0000000000008264       0x48 build/default/production/_ext/1171490990/startup_xc32.o
                0x0000000000008264                Reset_Handler

.text.NVIC_Initialize%24
                0x00000000000082ac       0x40
 .text.NVIC_Initialize
                0x00000000000082ac       0x40 build/default/production/_ext/1865468468/plib_nvic.o
                0x00000000000082ac                NVIC_Initialize

.text.SERCOM3_USART_ISR_ERR_Handler%25
                0x00000000000082ec       0x3c
 .text.SERCOM3_USART_ISR_ERR_Handler
                0x00000000000082ec       0x3c build/default/production/_ext/504274921/plib_sercom3_usart.o

.text.__pic32c_data_initialization%26
                0x0000000000008328       0x38
 .text.__pic32c_data_initialization
                0x0000000000008328       0x38 c:/program files/microchip/xc32/v4.60/bin/bin/../../lib/gcc/pic32c/8.3.1/../../../../pic32c/lib/thumb/v6-m/nofp\libpic32c.a(data_init.o)
                0x0000000000008328                __pic32c_data_initialization

.text.SERCOM3_USART_ErrorClear%27
                0x0000000000008360       0x2c
 .text.SERCOM3_USART_ErrorClear
                0x0000000000008360       0x2c build/default/production/_ext/504274921/plib_sercom3_usart.o

.text.SYS_Initialize%28
                0x000000000000838c       0x28
 .text.SYS_Initialize
                0x000000000000838c       0x28 build/default/production/_ext/1171490990/initialization.o
                0x000000000000838c                SYS_Initialize

.text.main%29   0x00000000000083b4       0x24
 .text.main     0x00000000000083b4       0x24 build/default/production/_ext/1360937237/main.o
                0x00000000000083b4                main

.text.__dinit_copy%30
                0x00000000000083d8       0x1e
 .text.__dinit_copy
                0x00000000000083d8       0x1e c:/program files/microchip/xc32/v4.60/bin/bin/../../lib/gcc/pic32c/8.3.1/../../../../pic32c/lib/thumb/v6-m/nofp\libpic32c.a(pic32_data_init_copy.o)
                0x00000000000083d8                __dinit_copy_needed
                0x00000000000083d8                __dinit_copy

.text.PORT_Initialize%31
                0x00000000000083f8       0x18
 .text.PORT_Initialize
                0x00000000000083f8       0x18 build/default/production/_ext/1865521619/plib_port.o
                0x00000000000083f8                PORT_Initialize

.rodata%32      0x0000000000008410       0x14
 .rodata        0x0000000000008410       0x14 c:/program files/microchip/xc32/v4.60/bin/bin/../../lib/gcc/pic32c/8.3.1/../../../../pic32c/lib/thumb/v6-m/nofp\libpic32c.a(data_init.o)

.text.__dinit_clear%33
                0x0000000000008424       0x12
 .text.__dinit_clear
                0x0000000000008424       0x12 c:/program files/microchip/xc32/v4.60/bin/bin/../../lib/gcc/pic32c/8.3.1/../../../../pic32c/lib/thumb/v6-m/nofp\libpic32c.a(pic32_data_init_clear.o)
                0x0000000000008424                __dinit_clear
                0x0000000000008424                __dinit_clear_needed

.text.NVMCTRL_Initialize%34
                0x0000000000008438        0xc
 .text.NVMCTRL_Initialize
                0x0000000000008438        0xc build/default/production/_ext/1593096446/plib_nvmctrl.o
                0x0000000000008438                NVMCTRL_Initialize

.rodata.garfield_size%35
                0x0000000000008444        0x4
 .rodata.garfield_size
                0x0000000000008444        0x4 build/default/production/garfield.o
                0x0000000000008444                garfield_size

.text.__dummy_decompress%36
                0x0000000000008448        0x4
 .text.__dummy_decompress
                0x0000000000008448        0x4 c:/program files/microchip/xc32/v4.60/bin/bin/../../lib/gcc/pic32c/8.3.1/../../../../pic32c/lib/thumb/v6-m/nofp\libpic32c.a(data_init.o)
                0x0000000000008448                __dinit_decompress
                0x0000000000008448                __dinit_copy_val_data
                0x0000000000008448                __dinit_copy_emb

.text.Dummy_Handler%37
                0x00000000000083f6        0x2
 .text.Dummy_Handler
                0x00000000000083f6        0x2 build/default/production/_ext/1171490990/interrupts.o
                0x00000000000083f6                SVCall_Handler
                0x00000000000083f6                AC_Handler
                0x00000000000083f6                SysTick_Handler
                0x00000000000083f6                PendSV_Handler
                0x00000000000083f6                TC7_Handler
                0x00000000000083f6                SERCOM1_Handler
                0x00000000000083f6                ADC_Handler
                0x00000000000083f6                TCC1_Handler
                0x00000000000083f6                SERCOM2_Handler
                0x00000000000083f6                TCC0_Handler
                0x00000000000083f6                RTC_Handler
                0x00000000000083f6                EIC_Handler
                0x00000000000083f6                TC6_Handler
                0x00000000000083f6                WDT_Handler
                0x00000000000083f6                TC4_Handler
                0x00000000000083f6                USB_Handler
                0x00000000000083f6                TC3_Handler
                0x00000000000083f6                Dummy_Handler
                0x00000000000083f6                PM_Handler
                0x00000000000083f6                SERCOM5_Handler
                0x00000000000083f6                TCC2_Handler
                0x00000000000083f6                EVSYS_Handler
                0x00000000000083f6                SERCOM4_Handler
                0x00000000000083f6                I2S_Handler
                0x00000000000083f6                NVMCTRL_Handler
                0x00000000000083f6                SERCOM0_Handler
                0x00000000000083f6                DAC_Handler
                0x00000000000083f6                PTC_Handler
                0x00000000000083f6                TC5_Handler
                0x00000000000083f6                SYSCTRL_Handler

.text.NonMaskableInt_Handler%38
                0x0000000000008436        0x2
 .text.NonMaskableInt_Handler
                0x0000000000008436        0x2 build/default/production/_ext/1171490990/exceptions.o
                0x0000000000008436                NonMaskableInt_Handler

.text.HardFault_Handler%39
                0x000000000000844c        0x2
 .text.HardFault_Handler
                0x000000000000844c        0x2 build/default/production/_ext/1171490990/exceptions.o
                0x000000000000844c                HardFault_Handler

.text.Dummy_App_Func%40
                0x000000000000844e        0x2
 .text.Dummy_App_Func
                0x000000000000844e        0x2 build/default/production/_ext/1171490990/startup_xc32.o
                0x000000000000844e                _on_reset
                0x000000000000844e                _on_bootstrap
                0x000000000000844e                __xc32_on_reset
                0x000000000000844e                Dummy_App_Func
                0x000000000000844e                __xc32_on_bootstrap

.text.__dummy_init_tls%41
                0x0000000000008450        0x2
 .text.__dummy_init_tls
                0x0000000000008450        0x2 c:/program files/microchip/xc32/v4.60/bin/bin/../../lib/gcc/pic32c/8.3.1/../../../../pic32c/lib/thumb/v6-m/nofp\libpic32c.a(data_init.o)
                0x0000000000008450                xc32_init_tls

.text.__dummy%42
                0x0000000000008452        0x2
 .text.__dummy  0x0000000000008452        0x2 c:/program files/microchip/xc32/v4.60/bin/bin/../../lib/gcc/pic32c/8.3.1/../../../../pic32c/lib/thumb/v6-m/nofp\libc-musl.a(__libc_start_main.o)
                0x0000000000008452                __init_stdio
                0x0000000000008452                __init_host
